Copyright 1986-2022 Xilinx, Inc. All Rights Reserved. Copyright 2022-2025 Advanced Micro Devices, Inc. All Rights Reserved.
---------------------------------------------------------------------------------------------------------------------------------------------
| Tool Version : Vivado v.2025.1 (win64) Build 6140274 Thu May 22 00:12:29 MDT 2025
| Date         : Wed Apr 22 23:48:10 2026
| Host         : ece-d4000-wshak running 64-bit major release  (build 9200)
| Command      : report_control_sets -verbose -file design_1_wrapper_control_sets_placed.rpt
| Design       : design_1_wrapper
| Device       : xc7s50
---------------------------------------------------------------------------------------------------------------------------------------------

Control Set Information

Table of Contents
-----------------
1. Summary
2. Histogram
3. Flip-Flop Distribution
4. Detailed Control Set Information

1. Summary
----------

+----------------------------------------------------------+-------+
|                          Status                          | Count |
+----------------------------------------------------------+-------+
| Total control sets                                       |    37 |
|    Minimum number of control sets                        |    37 |
|    Addition due to synthesis replication                 |     0 |
|    Addition due to physical synthesis replication        |     0 |
| Unused register locations in slices containing registers |    94 |
+----------------------------------------------------------+-------+
* Control sets can be merged at opt_design using control_set_merge or merge_equivalent_drivers
** Run report_qor_suggestions for automated merging and remapping suggestions


2. Histogram
------------

+--------------------+-------+
|       Fanout       | Count |
+--------------------+-------+
| Total control sets |    37 |
| >= 0 to < 4        |     1 |
| >= 4 to < 6        |     7 |
| >= 6 to < 8        |     1 |
| >= 8 to < 10       |     6 |
| >= 10 to < 12      |     2 |
| >= 12 to < 14      |     2 |
| >= 14 to < 16      |     0 |
| >= 16              |    18 |
+--------------------+-------+
* Control sets can be remapped at either synth_design or opt_design


3. Flip-Flop Distribution
-------------------------

+--------------+-----------------------+------------------------+-----------------+--------------+
| Clock Enable | Synchronous Set/Reset | Asynchronous Set/Reset | Total Registers | Total Slices |
+--------------+-----------------------+------------------------+-----------------+--------------+
| No           | No                    | No                     |              25 |            5 |
| No           | No                    | Yes                    |             425 |          143 |
| No           | Yes                   | No                     |               4 |            2 |
| Yes          | No                    | No                     |               0 |            0 |
| Yes          | No                    | Yes                    |             646 |          191 |
| Yes          | Yes                   | No                     |               6 |            1 |
+--------------+-----------------------+------------------------+-----------------+--------------+


4. Detailed Control Set Information
-----------------------------------

+-------------------------------------+------------------------------------------------------------------------------------------------------------------------------------------------------------------------------------+---------------------------------------------------------------------------------------------------+------------------+----------------+--------------+
|             Clock Signal            |                                                                                    Enable Signal                                                                                   |                                          Set/Reset Signal                                         | Slice Load Count | Bel Load Count | Bels / Slice |
+-------------------------------------+------------------------------------------------------------------------------------------------------------------------------------------------------------------------------------+---------------------------------------------------------------------------------------------------+------------------+----------------+--------------+
|  design_1_i/clk_wiz_0/inst/clk_out1 | design_1_i/neorv32_vivado_ip_0/U0/neorv32_top_inst/soc_generators.neorv32_sys_clock_inst/uart_clk                                                                                  | design_1_i/neorv32_vivado_ip_0/U0/neorv32_top_inst/soc_generators.neorv32_sys_reset_inst/rstn_sys |                1 |              1 |         1.00 |
|  design_1_i/clk_wiz_0/inst/clk_out1 |                                                                                                                                                                                    | design_1_i/proc_sys_reset_0/U0/EXT_LPF/lpf_int                                                    |                2 |              4 |         2.00 |
|  design_1_i/clk_wiz_0/inst/clk_out1 | design_1_i/neorv32_vivado_ip_0/U0/neorv32_top_inst/core_complex_gen[0].neorv32_cpu_inst/neorv32_cpu_control_inst/FSM_sequential_exec[state][3]_i_1_n_0                             | design_1_i/neorv32_vivado_ip_0/U0/neorv32_top_inst/soc_generators.neorv32_sys_reset_inst/rstn_sys |                2 |              4 |         2.00 |
|  design_1_i/clk_wiz_0/inst/clk_out1 | design_1_i/neorv32_vivado_ip_0/U0/neorv32_top_inst/memory_system.neorv32_dmem_enabled.neorv32_dmem_inst/sel_q_reg[0]                                                               | design_1_i/neorv32_vivado_ip_0/U0/neorv32_top_inst/soc_generators.neorv32_sys_reset_inst/rstn_sys |                1 |              4 |         4.00 |
|  design_1_i/clk_wiz_0/inst/clk_out1 | design_1_i/neorv32_vivado_ip_0/U0/neorv32_top_inst/core_complex_gen[0].neorv32_cpu_inst/neorv32_cpu_frontend_inst/prefetch_buffer[0].ipb_inst/E[0]                                 | design_1_i/neorv32_vivado_ip_0/U0/neorv32_top_inst/soc_generators.neorv32_sys_reset_inst/rstn_sys |                2 |              4 |         2.00 |
|  design_1_i/clk_wiz_0/inst/clk_out1 | design_1_i/neorv32_vivado_ip_0/U0/neorv32_top_inst/io_system.neorv32_uart0_enabled.neorv32_uart0_inst/rx_engine[bitcnt][3]_i_1_n_0                                                 | design_1_i/neorv32_vivado_ip_0/U0/neorv32_top_inst/soc_generators.neorv32_sys_reset_inst/rstn_sys |                1 |              4 |         4.00 |
|  design_1_i/clk_wiz_0/inst/clk_out1 |                                                                                                                                                                                    | design_1_i/neorv32_vivado_ip_0/U0/sreg_sys[0]_i_1_n_0                                             |                1 |              5 |         5.00 |
|  design_1_i/clk_wiz_0/inst/clk_out1 | design_1_i/neorv32_vivado_ip_0/U0/neorv32_top_inst/neorv32_bus_gateway_inst/keeper[cnt][4]_i_1_n_0                                                                                 | design_1_i/neorv32_vivado_ip_0/U0/neorv32_top_inst/soc_generators.neorv32_sys_reset_inst/rstn_sys |                1 |              5 |         5.00 |
|  design_1_i/clk_wiz_0/inst/clk_out1 | design_1_i/proc_sys_reset_0/U0/SEQ/seq_cnt_en                                                                                                                                      | design_1_i/proc_sys_reset_0/U0/SEQ/SEQ_COUNTER/clear                                              |                1 |              6 |         6.00 |
|  design_1_i/clk_wiz_0/inst/clk_out1 | design_1_i/neorv32_vivado_ip_0/U0/neorv32_top_inst/io_system.neorv32_uart0_enabled.neorv32_uart0_inst/rx_engine_fifo_inst/we                                                       | design_1_i/neorv32_vivado_ip_0/U0/neorv32_top_inst/soc_generators.neorv32_sys_reset_inst/rstn_sys |                1 |              8 |         8.00 |
|  design_1_i/clk_wiz_0/inst/clk_out1 | design_1_i/neorv32_vivado_ip_0/U0/neorv32_top_inst/io_system.neorv32_bus_io_switch_inst/neorv32_bus_reg_inst/E[0]                                                                  | design_1_i/neorv32_vivado_ip_0/U0/neorv32_top_inst/soc_generators.neorv32_sys_reset_inst/rstn_sys |                1 |              8 |         8.00 |
|  design_1_i/clk_wiz_0/inst/clk_out1 | design_1_i/neorv32_vivado_ip_0/U0/neorv32_top_inst/io_system.neorv32_bus_io_switch_inst/neorv32_bus_reg_inst/request_reg_enabled.device_req_o_reg[rw]_3[0]                         | design_1_i/neorv32_vivado_ip_0/U0/neorv32_top_inst/soc_generators.neorv32_sys_reset_inst/rstn_sys |                2 |              8 |         4.00 |
|  design_1_i/clk_wiz_0/inst/clk_out1 | design_1_i/neorv32_vivado_ip_0/U0/neorv32_top_inst/io_system.neorv32_bus_io_switch_inst/neorv32_bus_reg_inst/request_reg_enabled.device_req_o_reg[rw]_5[0]                         | design_1_i/neorv32_vivado_ip_0/U0/neorv32_top_inst/soc_generators.neorv32_sys_reset_inst/rstn_sys |                1 |              8 |         8.00 |
|  design_1_i/clk_wiz_0/inst/clk_out1 | design_1_i/neorv32_vivado_ip_0/U0/neorv32_top_inst/io_system.neorv32_bus_io_switch_inst/neorv32_bus_reg_inst/request_reg_enabled.device_req_o_reg[rw]_4[0]                         | design_1_i/neorv32_vivado_ip_0/U0/neorv32_top_inst/soc_generators.neorv32_sys_reset_inst/rstn_sys |                3 |              8 |         2.67 |
|  design_1_i/clk_wiz_0/inst/clk_out1 | design_1_i/neorv32_vivado_ip_0/U0/neorv32_top_inst/io_system.neorv32_uart0_enabled.neorv32_uart0_inst/rx_engine[sreg][8]_i_1_n_0                                                   | design_1_i/neorv32_vivado_ip_0/U0/neorv32_top_inst/soc_generators.neorv32_sys_reset_inst/rstn_sys |                2 |              9 |         4.50 |
|  design_1_i/clk_wiz_0/inst/clk_out1 | design_1_i/neorv32_vivado_ip_0/U0/neorv32_top_inst/io_system.neorv32_uart0_enabled.neorv32_uart0_inst/tx_engine[baudcnt][9]_i_1_n_0                                                | design_1_i/neorv32_vivado_ip_0/U0/neorv32_top_inst/soc_generators.neorv32_sys_reset_inst/rstn_sys |                4 |             10 |         2.50 |
|  design_1_i/clk_wiz_0/inst/clk_out1 | design_1_i/neorv32_vivado_ip_0/U0/neorv32_top_inst/io_system.neorv32_uart0_enabled.neorv32_uart0_inst/rx_engine[baudcnt][9]_i_1_n_0                                                | design_1_i/neorv32_vivado_ip_0/U0/neorv32_top_inst/soc_generators.neorv32_sys_reset_inst/rstn_sys |                4 |             10 |         2.50 |
|  design_1_i/clk_wiz_0/inst/clk_out1 | design_1_i/neorv32_vivado_ip_0/U0/neorv32_top_inst/core_complex_gen[0].neorv32_cpu_inst/neorv32_cpu_frontend_inst/prefetch_buffer[0].ipb_inst/FSM_sequential_exec_reg[state][2][0] | design_1_i/neorv32_vivado_ip_0/U0/neorv32_top_inst/soc_generators.neorv32_sys_reset_inst/rstn_sys |                3 |             12 |         4.00 |
|  design_1_i/clk_wiz_0/inst/clk_out1 | design_1_i/neorv32_vivado_ip_0/U0/neorv32_top_inst/io_system.neorv32_uart0_enabled.neorv32_uart0_inst/tx_engine[bitcnt][3]_i_1_n_0                                                 | design_1_i/neorv32_vivado_ip_0/U0/neorv32_top_inst/soc_generators.neorv32_sys_reset_inst/rstn_sys |                2 |             13 |         6.50 |
|  design_1_i/clk_wiz_0/inst/clk_out1 | design_1_i/neorv32_vivado_ip_0/U0/neorv32_top_inst/io_system.neorv32_bus_io_switch_inst/neorv32_bus_reg_inst/request_reg_enabled.device_req_o_reg[rw]_2[0]                         | design_1_i/neorv32_vivado_ip_0/U0/neorv32_top_inst/soc_generators.neorv32_sys_reset_inst/rstn_sys |                7 |             16 |         2.29 |
|  design_1_i/clk_wiz_0/inst/clk_out1 | design_1_i/neorv32_vivado_ip_0/U0/neorv32_top_inst/core_complex_gen[0].neorv32_cpu_inst/neorv32_cpu_control_inst/csr[mie_firq]                                                     | design_1_i/neorv32_vivado_ip_0/U0/neorv32_top_inst/soc_generators.neorv32_sys_reset_inst/rstn_sys |                8 |             19 |         2.38 |
|  design_1_i/clk_wiz_0/inst/clk_out1 | design_1_i/neorv32_vivado_ip_0/U0/neorv32_top_inst/io_system.neorv32_bus_io_switch_inst/neorv32_bus_reg_inst/request_reg_enabled.device_req_o_reg[addr][2]_0[0]                    | design_1_i/neorv32_vivado_ip_0/U0/neorv32_top_inst/soc_generators.neorv32_sys_reset_inst/rstn_sys |                3 |             20 |         6.67 |
|  design_1_i/clk_wiz_0/inst/clk_out1 |                                                                                                                                                                                    |                                                                                                   |                6 |             26 |         4.33 |
|  design_1_i/clk_wiz_0/inst/clk_out1 | design_1_i/neorv32_vivado_ip_0/U0/neorv32_top_inst/core_complex_gen[0].neorv32_cpu_inst/neorv32_cpu_control_inst/csr[mepc][31]_i_1_n_0                                             | design_1_i/neorv32_vivado_ip_0/U0/neorv32_top_inst/soc_generators.neorv32_sys_reset_inst/rstn_sys |               12 |             30 |         2.50 |
|  design_1_i/clk_wiz_0/inst/clk_out1 | design_1_i/neorv32_vivado_ip_0/U0/neorv32_top_inst/core_complex_gen[0].neorv32_cpu_inst/neorv32_cpu_frontend_inst/fetch[addr][31]_i_1_n_0                                          | design_1_i/neorv32_vivado_ip_0/U0/neorv32_top_inst/soc_generators.neorv32_sys_reset_inst/rstn_sys |               10 |             31 |         3.10 |
|  design_1_i/clk_wiz_0/inst/clk_out1 | design_1_i/neorv32_vivado_ip_0/U0/neorv32_top_inst/core_complex_gen[0].neorv32_cpu_inst/neorv32_cpu_control_inst/csr[mtvec][31]_i_1_n_0                                            | design_1_i/neorv32_vivado_ip_0/U0/neorv32_top_inst/soc_generators.neorv32_sys_reset_inst/rstn_sys |                9 |             31 |         3.44 |
|  design_1_i/clk_wiz_0/inst/clk_out1 | design_1_i/neorv32_vivado_ip_0/U0/neorv32_top_inst/core_complex_gen[0].neorv32_cpu_inst/neorv32_cpu_control_inst/exec[pc2][31]_i_1_n_0                                             | design_1_i/neorv32_vivado_ip_0/U0/neorv32_top_inst/soc_generators.neorv32_sys_reset_inst/rstn_sys |               18 |             31 |         1.72 |
|  design_1_i/clk_wiz_0/inst/clk_out1 | design_1_i/neorv32_vivado_ip_0/U0/neorv32_top_inst/core_complex_gen[0].neorv32_cpu_inst/neorv32_cpu_control_inst/csr[mscratch][31]_i_1_n_0                                         | design_1_i/neorv32_vivado_ip_0/U0/neorv32_top_inst/soc_generators.neorv32_sys_reset_inst/rstn_sys |                9 |             32 |         3.56 |
|  design_1_i/clk_wiz_0/inst/clk_out1 | design_1_i/neorv32_vivado_ip_0/U0/neorv32_top_inst/io_system.neorv32_bus_io_switch_inst/neorv32_bus_reg_inst/request_reg_enabled.device_req_o_reg[rw]_1[0]                         | design_1_i/neorv32_vivado_ip_0/U0/neorv32_top_inst/soc_generators.neorv32_sys_reset_inst/rstn_sys |                5 |             32 |         6.40 |
|  design_1_i/clk_wiz_0/inst/clk_out1 | design_1_i/neorv32_vivado_ip_0/U0/neorv32_top_inst/core_complex_gen[0].neorv32_cpu_inst/neorv32_cpu_alu_inst/neorv32_cpu_alu_shifter_inst/serial[sreg]                             | design_1_i/neorv32_vivado_ip_0/U0/neorv32_top_inst/soc_generators.neorv32_sys_reset_inst/rstn_sys |               15 |             37 |         2.47 |
|  design_1_i/clk_wiz_0/inst/clk_out1 | design_1_i/neorv32_vivado_ip_0/U0/neorv32_top_inst/core_complex_gen[0].neorv32_cpu_inst/neorv32_cpu_lsu_inst/req_reg[addr][22]_0[0]                                                | design_1_i/neorv32_vivado_ip_0/U0/neorv32_top_inst/soc_generators.neorv32_sys_reset_inst/rstn_sys |               12 |             48 |         4.00 |
|  design_1_i/clk_wiz_0/inst/clk_out1 | design_1_i/neorv32_vivado_ip_0/U0/neorv32_top_inst/memory_system.neorv32_dmem_enabled.neorv32_dmem_inst/we_i                                                                       |                                                                                                   |                6 |             48 |         8.00 |
|  design_1_i/clk_wiz_0/inst/clk_out1 | design_1_i/neorv32_vivado_ip_0/U0/neorv32_top_inst/core_complex_gen[0].neorv32_cpu_inst/neorv32_cpu_control_inst/E[0]                                                              | design_1_i/neorv32_vivado_ip_0/U0/neorv32_top_inst/soc_generators.neorv32_sys_reset_inst/rstn_sys |               19 |             63 |         3.32 |
|  design_1_i/clk_wiz_0/inst/clk_out1 | design_1_i/neorv32_vivado_ip_0/U0/neorv32_top_inst/core_complex_gen[0].neorv32_cpu_inst/neorv32_cpu_control_inst/ctrl[rf_wb_en]                                                    |                                                                                                   |                8 |             64 |         8.00 |
|  design_1_i/clk_wiz_0/inst/clk_out1 | design_1_i/neorv32_vivado_ip_0/U0/neorv32_top_inst/core_complex_gen[0].neorv32_cpu_inst/neorv32_cpu_control_inst/csr[mcause]                                                       | design_1_i/neorv32_vivado_ip_0/U0/neorv32_top_inst/soc_generators.neorv32_sys_reset_inst/rstn_sys |               17 |             70 |         4.12 |
|  design_1_i/clk_wiz_0/inst/clk_out1 | design_1_i/neorv32_vivado_ip_0/U0/neorv32_top_inst/core_complex_gen[0].neorv32_cpu_inst/neorv32_cpu_control_inst/FSM_sequential_exec_reg[state][3]_1[0]                            | design_1_i/neorv32_vivado_ip_0/U0/neorv32_top_inst/soc_generators.neorv32_sys_reset_inst/rstn_sys |               16 |             70 |         4.38 |
|  design_1_i/clk_wiz_0/inst/clk_out1 |                                                                                                                                                                                    | design_1_i/neorv32_vivado_ip_0/U0/neorv32_top_inst/soc_generators.neorv32_sys_reset_inst/rstn_sys |              142 |            420 |         2.96 |
+-------------------------------------+------------------------------------------------------------------------------------------------------------------------------------------------------------------------------------+---------------------------------------------------------------------------------------------------+------------------+----------------+--------------+


