#-----------------------------------------------------------
# Vivado v2025.1 (64-bit)
# SW Build 6140274 on Thu May 22 00:12:29 MDT 2025
# IP Build 6138677 on Thu May 22 03:10:11 MDT 2025
# SharedData Build 6139179 on Tue May 20 17:58:58 MDT 2025
# Start of session at: Mon Apr 20 19:54:56 2026
# Process ID         : 27540
# Current directory  : C:/Users/denny/final/final.runs/impl_1
# Command line       : vivado.exe -log design_1_wrapper.vdi -applog -product Vivado -messageDb vivado.pb -mode batch -source design_1_wrapper.tcl -notrace
# Log file           : C:/Users/denny/final/final.runs/impl_1/design_1_wrapper.vdi
# Journal file       : C:/Users/denny/final/final.runs/impl_1\vivado.jou
# Running On         : mobile
# Platform           : Windows Server 2016 or Windows 10
# Operating System   : 26100
# Processor Detail   : Intel(R) Core(TM) i9-14900HX
# CPU Frequency      : 2419 MHz
# CPU Physical cores : 24
# CPU Logical cores  : 32
# Host memory        : 33951 MB
# Swap memory        : 5905 MB
# Total Virtual      : 39857 MB
# Available Virtual  : 21774 MB
#-----------------------------------------------------------
source design_1_wrapper.tcl -notrace
