#-----------------------------------------------------------
# Vivado v2025.1 (64-bit)
# SW Build 6140274 on Thu May 22 00:12:29 MDT 2025
# IP Build 6138677 on Thu May 22 03:10:11 MDT 2025
# SharedData Build 6139179 on Tue May 20 17:58:58 MDT 2025
# Start of session at: Wed Apr 22 23:47:44 2026
# Process ID         : 28216
# Current directory  : C:/Users/mustafa.shaky/finalSOC-main/final/final.runs/impl_1
# Command line       : vivado.exe -log design_1_wrapper.vdi -applog -product Vivado -messageDb vivado.pb -mode batch -source design_1_wrapper.tcl -notrace
# Log file           : C:/Users/mustafa.shaky/finalSOC-main/final/final.runs/impl_1/design_1_wrapper.vdi
# Journal file       : C:/Users/mustafa.shaky/finalSOC-main/final/final.runs/impl_1\vivado.jou
# Running On         : ece-d4000-wshak
# Platform           : Windows Server 2016 or Windows 10
# Operating System   : 26100
# Processor Detail   : Intel(R) Core(TM) Ultra 9 185H
# CPU Frequency      : 3072 MHz
# CPU Physical cores : 16
# CPU Logical cores  : 22
# Host memory        : 68137 MB
# Swap memory        : 10200 MB
# Total Virtual      : 78337 MB
# Available Virtual  : 10851 MB
#-----------------------------------------------------------
source design_1_wrapper.tcl -notrace
